
> am-manager@2601.9 build
> next build

   Ôû▓ Next.js 14.1.0
   - Environments: .env

   Creating an optimized production build ...
node.exe : Compiler 
edge-server 
unexpectedly exited 
with code: null and 
signal: SIGTERM
En línea: 1 
Carácter: 1
+ & "C:\Program File
s\nodejs/node.exe" 
"C:\Program Files\no
dejs/node_mo ...
+ ~~~~~~~~~~~~~~~~~~
~~~~~~~~~~~~~~~~~~~~
~~~~~~~~~~~~~~~~~~~~
~~~~~~~~~~~
    + CategoryInfo  
            : NotS  
  pecified: (Comp   
 iler edge-s...s    
ignal: SIGTERM:    
String) [], Rem    
oteException
    + FullyQualifie 
   dErrorId : Nati  
  veCommandError
 
 Ô£ô Compiled successfully
   Linting and checking validity of types ...
Failed to compile.

./app/evolutivos/com
ponents/evolutivo-ti
meline.tsx:189:83
Type error: 
Argument of type 
'Date | null' is 
not assignable to 
parameter of type 
'string | number | 
Date'.
  Type 'null' is 
not assignable to 
type 'string | 
number | Date'.

[0m [90m 187 
|[39m              
                    
   [36mconst[39m 
rawStart 
[33m=[39m hito[33
m.[39mstartDate[33
m;[39m [90m// 
Assuming your data 
might have this or 
use custom 
logic[39m[0m
[0m [90m 188 
|[39m              
                    
   [36mconst[39m 
startDateObj 
[33m=[39m 
rawStart 
[33m?[39m 
parseISO(rawStart) 
[33m:[39m dueDate
[33m;[39m[0m
[0m[31m[1m>[22m
[39m[90m 189 
|[39m              
                    
   [36mconst[39m 
isBar [33m=[39m 
rawStart 
[33m&&[39m 
dueDate 
[33m&&[39m isBefor
e(startDateObj[33m,
[39m dueDate)[33m;
[39m[0m
[0m [90m     
|[39m              
                    
                    
                    
         [31m[1m^
[22m[39m[0m
[0m [90m 190 
|[39m[0m
[0m [90m 191 
|[39m              
                    
   [36mreturn[39m 
([0m
[0m [90m 192 
|[39m              
                    
       [33m<[39m[
33mdiv[39m key[33m
=[39m{hito[33m.[3
9missueKey} classNam
e[33m=[39m[32m"fl
ex 
hover:bg-slate-50 
transition-colors 
group relative"[39m
[33m>[39m[0m
